[studysmartplus.online/index.html]
[backblue.gif]
[fade.gif]
[index.html]
[studysmartplus.online/site.webmanifest]
[studysmartplus.online/assets/img/favicon.ico]
[studysmartplus.online/assets/css/bootstrap.min.css]
[studysmartplus.online/assets/css/owl.carousel.min.css]
[studysmartplus.online/assets/css/slicknav.css]
[studysmartplus.online/assets/css/flaticon.css]
[studysmartplus.online/assets/css/gijgo.css]
[studysmartplus.online/assets/css/animate.min.css]
[studysmartplus.online/assets/css/magnific-popup.css]
[studysmartplus.online/assets/css/fontawesome-all.min.css]
[studysmartplus.online/assets/css/themify-icons.css]
[studysmartplus.online/assets/css/slick.css]
[studysmartplus.online/assets/css/nice-select.css]
[studysmartplus.online/assets/css/style.css]
[studysmartplus.online/assets/img/logo/loder.png]
[studysmartplus.online/index-2.html]
[studysmartplus.online/assets/img/hero/heroman.png]
[studysmartplus.online/assets/img/gallery/section_bg01.png]
[studysmartplus.online/assets/img/gallery/popular_sub1.png]
[studysmartplus.online/assets/img/gallery/popular_sub2.png]
[studysmartplus.online/assets/img/gallery/popular_sub3.png]
[studysmartplus.online/assets/img/gallery/about2.png]
[studysmartplus.online/assets/img/gallery/about1.png]
[studysmartplus.online/assets/img/gallery/home-blog1.png]
[studysmartplus.online/assets/img/gallery/home-blog2.png]
[studysmartplus.online/assets/js/vendor/modernizr-3.5.0.min.js]
[studysmartplus.online/assets/js/vendor/jquery-1.12.4.min.js]
[studysmartplus.online/assets/js/popper.min.js]
[studysmartplus.online/assets/js/bootstrap.min.js]
[studysmartplus.online/assets/js/jquery.slicknav.min.js]
[studysmartplus.online/assets/js/owl.carousel.min.js]
[studysmartplus.online/assets/js/slick.min.js]
[studysmartplus.online/assets/js/wow.min.js]
[studysmartplus.online/assets/js/animated.headline.js]
[studysmartplus.online/assets/js/jquery.magnific-popup.js]
[studysmartplus.online/assets/js/gijgo.min.js]
[studysmartplus.online/assets/js/jquery.nice-select.min.js]
[studysmartplus.online/assets/js/jquery.sticky.js]
[studysmartplus.online/assets/js/jquery.counterup.min.js]
[studysmartplus.online/assets/js/waypoints.min.js]
[studysmartplus.online/assets/js/contact.js]
[studysmartplus.online/assets/js/jquery.form.js]
[studysmartplus.online/assets/js/jquery.validate.min.js]
[studysmartplus.online/assets/js/mail-script.js]
[studysmartplus.online/assets/js/jquery.ajaxchimp.min.js]
[studysmartplus.online/assets/js/plugins.js]
[studysmartplus.online/assets/js/main.js]
[studysmartplus.online/index.html]
[studysmartplus.online/site.html]
[studysmartplus.online/assets/css/bootstrap.min.css]
[studysmartplus.online/assets/css/owl.video.play.png]
[studysmartplus.online/assets/css/owl.carousel.min.css]
[studysmartplus.online/assets/css/slicknav.css]
[studysmartplus.online/assets/fonts/Flaticon.eot]
[studysmartplus.online/assets/fonts/Flaticond41d.eot]
[studysmartplus.online/assets/fonts/Flaticon.woff2]
[studysmartplus.online/assets/fonts/Flaticon.woff]
[studysmartplus.online/assets/fonts/Flaticon.ttf]
[studysmartplus.online/assets/fonts/Flaticon.svg]
[studysmartplus.online/assets/css/flaticon.css]
[studysmartplus.online/assets/fonts/gijgo-materialba15.eot]
[studysmartplus.online/assets/fonts/gijgo-materialba15.ttf]
[studysmartplus.online/assets/fonts/gijgo-materialba15.woff]
[studysmartplus.online/assets/fonts/gijgo-materialba15.svg]
[studysmartplus.online/assets/css/gijgo.css]
[studysmartplus.online/assets/css/animate.min.css]
[studysmartplus.online/assets/css/magnific-popup.css]
[studysmartplus.online/assets/fonts/fa-brands-400.eot]
[studysmartplus.online/assets/fonts/fa-brands-400d41d.eot]
[studysmartplus.online/assets/fonts/fa-brands-400.woff2]
[studysmartplus.online/assets/fonts/fa-brands-400.woff]
[studysmartplus.online/assets/fonts/fa-brands-400.ttf]
[studysmartplus.online/assets/fonts/fa-brands-400.svg]
[studysmartplus.online/assets/fonts/fa-regular-400.eot]
[studysmartplus.online/assets/fonts/fa-regular-400d41d.eot]
[studysmartplus.online/assets/fonts/fa-regular-400.woff2]
[studysmartplus.online/assets/fonts/fa-regular-400.woff]
[studysmartplus.online/assets/fonts/fa-regular-400.ttf]
[studysmartplus.online/assets/fonts/fa-regular-400.svg]
[studysmartplus.online/assets/fonts/fa-solid-900.eot]
[studysmartplus.online/assets/fonts/fa-solid-900d41d.eot]
[studysmartplus.online/assets/fonts/fa-solid-900.woff2]
[studysmartplus.online/assets/fonts/fa-solid-900.woff]
[studysmartplus.online/assets/fonts/fa-solid-900.ttf]
[studysmartplus.online/assets/fonts/fa-solid-900.svg]
[studysmartplus.online/assets/css/fontawesome-all.min.css]
[studysmartplus.online/assets/fonts/themify9f24.eot]
[studysmartplus.online/assets/fonts/themifyd41d.eot]
[studysmartplus.online/assets/fonts/themify9f24.woff]
[studysmartplus.online/assets/fonts/themify9f24.ttf]
[studysmartplus.online/assets/fonts/themify9f24.svg]
[studysmartplus.online/assets/css/themify-icons.css]
[studysmartplus.online/assets/css/slick.css]
[studysmartplus.online/assets/css/nice-select.css]
[studysmartplus.online/assets/img/slider/slider-img-1.jpg]
[studysmartplus.online/assets/img/background-img/bg-img-2.jpg]
[studysmartplus.online/assets/img/background-img/bg-img-3.jpg]
[studysmartplus.online/assets/img/hero/h1_hero.png]
[studysmartplus.online/assets/img/hero/hero2.png]
[studysmartplus.online/assets/img/banner/bradcam.png]
[studysmartplus.online/assets/img/banner/bradcam2.png]
[studysmartplus.online/assets/img/banner/bradcam3.png]
[studysmartplus.online/assets/img/elements/primary-check.png]
[studysmartplus.online/assets/img/elements/success-check.png]
[studysmartplus.online/assets/img/elements/disabled-check.png]
[studysmartplus.online/assets/img/elements/primary-radio.png]
[studysmartplus.online/assets/img/elements/success-radio.png]
[studysmartplus.online/assets/img/elements/disabled-radio.png]
[studysmartplus.online/assets/css/style.css]
[studysmartplus.online/index-2.html]
[studysmartplus.online/assets/js/vendor/modernizr-3.5.0.min.js]
[studysmartplus.online/assets/js/vendor/jquery-1.12.4.min.js]
[studysmartplus.online/assets/js/popper.min.js]
[studysmartplus.online/popper.js]
[studysmartplus.online/assets/js/bootstrap.min.js]
[studysmartplus.online/assets/js/jquery.slicknav.min.js]
[studysmartplus.online/assets/js/owl.carousel.min.js]
[studysmartplus.online/assets/js/slick.min.js]
[studysmartplus.online/assets/js/wow.min.js]
[studysmartplus.online/assets/js/animated.headline.js]
[studysmartplus.online/assets/js/jquery.magnific-popup.js]
[studysmartplus.online/assets/js/gijgo.min.js]
[studysmartplus.online/assets/js/jquery.nice-select.min.js]
[studysmartplus.online/assets/js/jquery.sticky.js]
[studysmartplus.online/assets/js/jquery.counterup.min.js]
[studysmartplus.online/assets/js/waypoints.min.js]
[studysmartplus.online/assets/js/contact.js]
[studysmartplus.online/assets/js/jquery.form.js]
[studysmartplus.online/assets/js/jquery.validate.min.js]
[studysmartplus.online/assets/js/mail-script.js]
[studysmartplus.online/assets/js/jquery.ajaxchimp.min.js]
[studysmartplus.online/assets/js/plugins.js]
[studysmartplus.online/assets/js/main.js]
[studysmartplus.online/assets/css/owl.video.play.html]
[studysmartplus.online/assets/fonts/Flaticon.svg]
[studysmartplus.online/assets/fonts/gijgo-materialba15.svg]
[studysmartplus.online/assets/fonts/fa-brands-400.svg]
[studysmartplus.online/assets/fonts/fa-regular-400.svg]
[studysmartplus.online/assets/fonts/fa-solid-900.svg]
[studysmartplus.online/assets/fonts/themify9f24.svg]
[studysmartplus.online/assets/img/slider/slider-img-1.html]
[studysmartplus.online/assets/img/background-img/bg-img-2.html]
[studysmartplus.online/assets/img/background-img/bg-img-3.html]
[studysmartplus.online/assets/img/banner/bradcam.html]
[studysmartplus.online/assets/img/banner/bradcam2.html]
[studysmartplus.online/assets/img/banner/bradcam3.html]
[studysmartplus.online/popper.html]
